20251103-06:24:31: Session FIX.4.4:EXCHANGE_BOX->GATEWAY schedule is daily, 00:00:00-UTC - 00:00:00-UTC
20251103-06:24:31: Created session: FIX.4.4:EXCHANGE_BOX->GATEWAY
20251103-07:02:59: Accepting session FIX.4.4:EXCHANGE_BOX->GATEWAY from /127.0.0.1:61944
20251103-07:02:59: Acceptor heartbeat set to 30 seconds
20251103-07:02:59: Logon contains ResetSeqNumFlag=Y, resetting sequence numbers to 1
20251103-07:02:59: Received logon
20251103-07:02:59: Responding to Logon request
20251103-07:08:35: Disconnecting: Socket exception (/127.0.0.1:61944): java.net.SocketException: Connection reset
20251103-07:09:00: Accepting session FIX.4.4:EXCHANGE_BOX->GATEWAY from /127.0.0.1:50336
20251103-07:09:00: Acceptor heartbeat set to 30 seconds
20251103-07:09:00: Logon contains ResetSeqNumFlag=Y, resetting sequence numbers to 1
20251103-07:09:00: Received logon
20251103-07:09:00: Responding to Logon request
20251103-07:09:43: Received logout request
20251103-07:09:43: Sent logout response
20251103-07:09:43: Disconnecting: Received logout request
20251103-07:09:51: Accepting session FIX.4.4:EXCHANGE_BOX->GATEWAY from /127.0.0.1:49879
20251103-07:09:51: Acceptor heartbeat set to 30 seconds
20251103-07:09:51: Logon contains ResetSeqNumFlag=Y, resetting sequence numbers to 1
20251103-07:09:51: Received logon
20251103-07:09:51: Responding to Logon request
20251103-07:10:53: Received logout request
20251103-07:10:53: Sent logout response
20251103-07:10:53: Disconnecting: Received logout request
